
> prizm-studio@0.1.0 dev
> next dev

▲ Next.js 16.2.11 (Turbopack)
- Local:         http://localhost:3000
- Network:       http://192.168.1.101:3000
✓ Ready in 570ms

 GET / 200 in 497ms (next.js: 176ms, application-code: 321ms)
[browser] A tree hydrated but some attributes of the server rendered HTML didn't match the client properties. This won't be patched up. This can happen if a SSR-ed Client Component used:

- A server/client branch `if (typeof window !== 'undefined')`.
- Variable input such as `Date.now()` or `Math.random()` which changes each time it's called.
- Date formatting in a user's locale which doesn't match the server.
- External changing data without sending a snapshot of it along with the HTML.
- Invalid HTML tag nesting.

It can also happen if the client has a browser extension installed which messes with the HTML before React loaded.

https://react.dev/link/hydration-mismatch

  ...
    <RedirectBoundary>
      <RedirectErrorBoundary router={{...}}>
        <InnerLayoutRouter url="/" tree={[...]} params={{}} cacheNode={{rsc:{...}, ...}} segmentPath={[...]} ...>
          <SegmentViewNode type="page" pagePath="page.tsx">
            <SegmentTrieNode>
            <Home>
              <main className="relative m...">
                <header>
                <section>
                <AboutSection>
                <WebDesignSection>
                <AdCreativesSection>
                <UgcSection>
                <SocialMediaSection>
                  <section ref={{current:null}} id="social-media" className="relative w...">
                    <div className="sticky top...">
                      <div>
                      <div>
                      <div>
                      <div>
                      <div>
                      <div className="relative f..." style={{...}}>
                        <div className="relative f..." style={{...}}>
                          <CylinderCard>
                          <CylinderCard>
                          <CylinderCard>
                          <CylinderCard>
                          <CylinderCard>
                          <CylinderCard>
                          <CylinderCard>
                          <CylinderCard>
                          <CylinderCard>
                          <CylinderCard>
                          <CylinderCard>
                          <CylinderCard>
                          <CylinderCard>
                          <CylinderCard>
                          <CylinderCard>
                          <CylinderCard>
                          <CylinderCard data={{id:"cyl-17", ...}} x={-363.7306695894641} y={110} z={-630.0000000000002} ...>
                            <motion.div style={{position:"...", ...}} className="cursor-poi...">
                              <div
                                className="cursor-pointer group z-20 pointer-events-auto"
                                style={{
+                                 position: "absolute"
-                                 position: "absolute"
+                                 left: "50%"
-                                 left: "50%"
+                                 top: "50%"
-                                 top: "50%"
+                                 opacity: 0.25
-                                 opacity: "0.25"
+                                 width: 120
-                                 width: "120px"
+                                 height: 170
-                                 height: "170px"
+                                 transformStyle: "preserve-3d"
+                                 transform: "translateX(-423.7306695894641px) translateY(25px) translateZ(-630.000000..."
-                                 transform: "translateX(-423.731px) translateY(25px) translateZ(-630px) scale(0.65) r..."
-                                 transform-style: "preserve-3d"
                                }}
                                ref={function useMotionRef.useCallback}
                              >
                          ...
                      ...
          ...
        ...
 
✓ Compiled in 62ms
✓ Compiled in 71ms
 GET / 200 in 226ms (next.js: 62ms, application-code: 163ms)
[browser] A tree hydrated but some attributes of the server rendered HTML didn't match the client properties. This won't be patched up. This can happen if a SSR-ed Client Component used:

- A server/client branch `if (typeof window !== 'undefined')`.
- Variable input such as `Date.now()` or `Math.random()` which changes each time it's called.
- Date formatting in a user's locale which doesn't match the server.
- External changing data without sending a snapshot of it along with the HTML.
- Invalid HTML tag nesting.

It can also happen if the client has a browser extension installed which messes with the HTML before React loaded.

https://react.dev/link/hydration-mismatch

  ...
    <RedirectBoundary>
      <RedirectErrorBoundary router={{...}}>
        <InnerLayoutRouter url="/" tree={[...]} params={{}} cacheNode={{rsc:{...}, ...}} segmentPath={[...]} ...>
          <SegmentViewNode type="page" pagePath="page.tsx">
            <SegmentTrieNode>
            <Home>
              <main className="relative m...">
                <header>
                <section>
                <AboutSection>
                <WebDesignSection>
                <AdCreativesSection>
                <UgcSection>
                <SocialMediaSection>
                  <section ref={{current:null}} id="social-media" className="relative w...">
                    <div className="sticky top...">
                      <div>
                      <div>
                      <div>
                      <div>
                      <div>
                      <div className="relative f..." style={{...}}>
                        <div className="relative f..." style={{...}}>
                          <CylinderCard>
                          <CylinderCard>
                          <CylinderCard>
                          <CylinderCard>
                          <CylinderCard>
                          <CylinderCard>
                          <CylinderCard>
                          <CylinderCard>
                          <CylinderCard>
                          <CylinderCard>
                          <CylinderCard>
                          <CylinderCard>
                          <CylinderCard>
                          <CylinderCard>
                          <CylinderCard>
                          <CylinderCard>
                          <CylinderCard data={{id:"cyl-17", ...}} x={-363.7306695894641} y={110} z={-630.0000000000002} ...>
                            <motion.div style={{position:"...", ...}} className="cursor-poi...">
                              <div
                                className="cursor-pointer group z-20 pointer-events-auto"
                                style={{
+                                 position: "absolute"
-                                 position: "absolute"
+                                 left: "50%"
-                                 left: "50%"
+                                 top: "50%"
-                                 top: "50%"
+                                 opacity: 0.25
-                                 opacity: "0.25"
+                                 width: 120
-                                 width: "120px"
+                                 height: 170
-                                 height: "170px"
+                                 transformStyle: "preserve-3d"
+                                 transform: "translateX(-423.7306695894641px) translateY(25px) translateZ(-630.000000..."
-                                 transform: "translateX(-423.731px) translateY(25px) translateZ(-630px) scale(0.65) r..."
-                                 transform-style: "preserve-3d"
                                }}
                                ref={function useMotionRef.useCallback}
                              >
                          ...
                      ...
          ...
        ...
 
✓ Compiled in 59ms
 GET / 200 in 193ms (next.js: 36ms, application-code: 156ms)
[browser] A tree hydrated but some attributes of the server rendered HTML didn't match the client properties. This won't be patched up. This can happen if a SSR-ed Client Component used:

- A server/client branch `if (typeof window !== 'undefined')`.
- Variable input such as `Date.now()` or `Math.random()` which changes each time it's called.
- Date formatting in a user's locale which doesn't match the server.
- External changing data without sending a snapshot of it along with the HTML.
- Invalid HTML tag nesting.

It can also happen if the client has a browser extension installed which messes with the HTML before React loaded.

https://react.dev/link/hydration-mismatch

  ...
    <RedirectBoundary>
      <RedirectErrorBoundary router={{...}}>
        <InnerLayoutRouter url="/" tree={[...]} params={{}} cacheNode={{rsc:{...}, ...}} segmentPath={[...]} ...>
          <SegmentViewNode type="page" pagePath="page.tsx">
            <SegmentTrieNode>
            <Home>
              <main className="relative m...">
                <header>
                <section>
                <AboutSection>
                <WebDesignSection>
                <AdCreativesSection>
                <UgcSection>
                <SocialMediaSection>
                  <section ref={{current:null}} id="social-media" className="relative w...">
                    <div className="sticky top...">
                      <div>
                      <div>
                      <div>
                      <div>
                      <div>
                      <div className="relative f..." style={{...}}>
                        <div className="relative f..." style={{...}}>
                          <CylinderCard>
                          <CylinderCard>
                          <CylinderCard>
                          <CylinderCard>
                          <CylinderCard>
                          <CylinderCard>
                          <CylinderCard>
                          <CylinderCard>
                          <CylinderCard>
                          <CylinderCard>
                          <CylinderCard>
                          <CylinderCard>
                          <CylinderCard>
                          <CylinderCard>
                          <CylinderCard>
                          <CylinderCard>
                          <CylinderCard data={{id:"cyl-17", ...}} x={-363.7306695894641} y={110} z={-630.0000000000002} ...>
                            <motion.div style={{position:"...", ...}} className="cursor-poi...">
                              <div
                                className="cursor-pointer group z-20 pointer-events-auto"
                                style={{
+                                 position: "absolute"
-                                 position: "absolute"
+                                 left: "50%"
-                                 left: "50%"
+                                 top: "50%"
-                                 top: "50%"
+                                 opacity: 0.25
-                                 opacity: "0.25"
+                                 width: 120
-                                 width: "120px"
+                                 height: 170
-                                 height: "170px"
+                                 transformStyle: "preserve-3d"
+                                 transform: "translateX(-423.7306695894641px) translateY(25px) translateZ(-630.000000..."
-                                 transform: "translateX(-423.731px) translateY(25px) translateZ(-630px) scale(0.65) r..."
-                                 transform-style: "preserve-3d"
                                }}
                                ref={function useMotionRef.useCallback}
                              >
                          ...
                      ...
          ...
        ...
 
✓ Compiled in 34ms
 GET / 200 in 186ms (next.js: 44ms, application-code: 142ms)
[browser] A tree hydrated but some attributes of the server rendered HTML didn't match the client properties. This won't be patched up. This can happen if a SSR-ed Client Component used:

- A server/client branch `if (typeof window !== 'undefined')`.
- Variable input such as `Date.now()` or `Math.random()` which changes each time it's called.
- Date formatting in a user's locale which doesn't match the server.
- External changing data without sending a snapshot of it along with the HTML.
- Invalid HTML tag nesting.

It can also happen if the client has a browser extension installed which messes with the HTML before React loaded.

https://react.dev/link/hydration-mismatch

  ...
    <RedirectBoundary>
      <RedirectErrorBoundary router={{...}}>
        <InnerLayoutRouter url="/" tree={[...]} params={{}} cacheNode={{rsc:{...}, ...}} segmentPath={[...]} ...>
          <SegmentViewNode type="page" pagePath="page.tsx">
            <SegmentTrieNode>
            <Home>
              <main className="relative m...">
                <header>
                <section>
                <AboutSection>
                <WebDesignSection>
                <AdCreativesSection>
                <UgcSection>
                <SocialMediaSection>
                  <section ref={{current:null}} id="social-media" className="relative w...">
                    <div className="sticky top...">
                      <div>
                      <div>
                      <div>
                      <div>
                      <div>
                      <div className="relative f..." style={{...}}>
                        <div className="relative f..." style={{...}}>
                          <CylinderCard>
                          <CylinderCard>
                          <CylinderCard>
                          <CylinderCard>
                          <CylinderCard>
                          <CylinderCard>
                          <CylinderCard>
                          <CylinderCard>
                          <CylinderCard>
                          <CylinderCard>
                          <CylinderCard>
                          <CylinderCard>
                          <CylinderCard>
                          <CylinderCard>
                          <CylinderCard>
                          <CylinderCard>
                          <CylinderCard data={{id:"cyl-17", ...}} x={-363.7306695894641} y={110} z={-630.0000000000002} ...>
                            <motion.div style={{position:"...", ...}} className="cursor-poi...">
                              <div
                                className="cursor-pointer group z-20 pointer-events-auto"
                                style={{
+                                 position: "absolute"
-                                 position: "absolute"
+                                 left: "50%"
-                                 left: "50%"
+                                 top: "50%"
-                                 top: "50%"
+                                 opacity: 0.25
-                                 opacity: "0.25"
+                                 width: 120
-                                 width: "120px"
+                                 height: 170
-                                 height: "170px"
+                                 transformStyle: "preserve-3d"
+                                 transform: "translateX(-423.7306695894641px) translateY(25px) translateZ(-630.000000..."
-                                 transform: "translateX(-423.731px) translateY(25px) translateZ(-630px) scale(0.65) r..."
-                                 transform-style: "preserve-3d"
                                }}
                                ref={function useMotionRef.useCallback}
                              >
                          ...
                      ...
          ...
        ...
 
 GET / 200 in 109ms (next.js: 18ms, application-code: 91ms)
[browser] A tree hydrated but some attributes of the server rendered HTML didn't match the client properties. This won't be patched up. This can happen if a SSR-ed Client Component used:

- A server/client branch `if (typeof window !== 'undefined')`.
- Variable input such as `Date.now()` or `Math.random()` which changes each time it's called.
- Date formatting in a user's locale which doesn't match the server.
- External changing data without sending a snapshot of it along with the HTML.
- Invalid HTML tag nesting.

It can also happen if the client has a browser extension installed which messes with the HTML before React loaded.

https://react.dev/link/hydration-mismatch

  ...
    <RedirectBoundary>
      <RedirectErrorBoundary router={{...}}>
        <InnerLayoutRouter url="/" tree={[...]} params={{}} cacheNode={{rsc:{...}, ...}} segmentPath={[...]} ...>
          <SegmentViewNode type="page" pagePath="page.tsx">
            <SegmentTrieNode>
            <Home>
              <main className="relative m...">
                <header>
                <section>
                <AboutSection>
                <WebDesignSection>
                <AdCreativesSection>
                <UgcSection>
                <SocialMediaSection>
                  <section ref={{current:null}} id="social-media" className="relative w...">
                    <div className="sticky top...">
                      <div>
                      <div>
                      <div>
                      <div>
                      <div>
                      <div className="relative f..." style={{...}}>
                        <div className="relative f..." style={{...}}>
                          <CylinderCard>
                          <CylinderCard>
                          <CylinderCard>
                          <CylinderCard>
                          <CylinderCard>
                          <CylinderCard>
                          <CylinderCard>
                          <CylinderCard>
                          <CylinderCard>
                          <CylinderCard>
                          <CylinderCard>
                          <CylinderCard>
                          <CylinderCard>
                          <CylinderCard>
                          <CylinderCard>
                          <CylinderCard>
                          <CylinderCard data={{id:"cyl-17", ...}} x={-363.7306695894641} y={110} z={-630.0000000000002} ...>
                            <motion.div style={{position:"...", ...}} className="cursor-poi...">
                              <div
                                className="cursor-pointer group z-20 pointer-events-auto"
                                style={{
+                                 position: "absolute"
-                                 position: "absolute"
+                                 left: "50%"
-                                 left: "50%"
+                                 top: "50%"
-                                 top: "50%"
+                                 opacity: 0.25
-                                 opacity: "0.25"
+                                 width: 120
-                                 width: "120px"
+                                 height: 170
-                                 height: "170px"
+                                 transformStyle: "preserve-3d"
+                                 transform: "translateX(-423.7306695894641px) translateY(25px) translateZ(-630.000000..."
-                                 transform: "translateX(-423.731px) translateY(25px) translateZ(-630px) scale(0.65) r..."
-                                 transform-style: "preserve-3d"
                                }}
                                ref={function useMotionRef.useCallback}
                              >
                          ...
                      ...
          ...
        ...
 
    at run (chrome-extension://egjidjbpglichdcondbcbdnbeeppgdph/inpage.js:1:1898085)
    at runIfPresent (chrome-extension://egjidjbpglichdcondbcbdnbeeppgdph/inpage.js:1:1898212)
    at onGlobalMessage (chrome-extension://egjidjbpglichdcondbcbdnbeeppgdph/inpage.js:1:1897412) (chrome-extension://egjidjbpglichdcondbcbdnbeeppgdph/inpage.js:1:1898085)
✓ Compiled in 123ms
✓ Compiled in 103ms
✓ Compiled in 283ms
 GET / 200 in 308ms (next.js: 106ms, application-code: 202ms)
 GET / 200 in 222ms (next.js: 8ms, application-code: 214ms)
 GET / 200 in 167ms (next.js: 35ms, application-code: 132ms)
 GET / 200 in 169ms (next.js: 6ms, application-code: 163ms)
 GET / 200 in 169ms (next.js: 60ms, application-code: 109ms)
 GET / 200 in 78ms (next.js: 8ms, application-code: 70ms)
 GET / 200 in 44ms (next.js: 5ms, application-code: 39ms)
 GET / 200 in 199ms (next.js: 5ms, application-code: 195ms)
[browser] A tree hydrated but some attributes of the server rendered HTML didn't match the client properties. This won't be patched up. This can happen if a SSR-ed Client Component used:

- A server/client branch `if (typeof window !== 'undefined')`.
- Variable input such as `Date.now()` or `Math.random()` which changes each time it's called.
- Date formatting in a user's locale which doesn't match the server.
- External changing data without sending a snapshot of it along with the HTML.
- Invalid HTML tag nesting.

It can also happen if the client has a browser extension installed which messes with the HTML before React loaded.

https://react.dev/link/hydration-mismatch

  ...
    <RedirectBoundary>
      <RedirectErrorBoundary router={{...}}>
        <InnerLayoutRouter url="/" tree={[...]} params={{}} cacheNode={{rsc:{...}, ...}} segmentPath={[...]} ...>
          <SegmentViewNode type="page" pagePath="page.tsx">
            <SegmentTrieNode>
            <Home>
              <main className="relative m...">
                <header>
                <section>
                <section>
                <WebDesignSection>
                <AdCreativesSection>
                <UgcSection>
                <SocialMediaSection>
                  <section ref={{current:null}} id="social-media" className="relative w...">
                    <div className="sticky top...">
                      <div>
                      <div>
                      <div>
                      <div>
                      <div>
                      <div className="relative f..." style={{...}}>
                        <div className="relative f..." style={{...}}>
                          <CylinderCard>
                          <CylinderCard>
                          <CylinderCard>
                          <CylinderCard>
                          <CylinderCard>
                          <CylinderCard>
                          <CylinderCard>
                          <CylinderCard>
                          <CylinderCard>
                          <CylinderCard>
                          <CylinderCard>
                          <CylinderCard>
                          <CylinderCard>
                          <CylinderCard>
                          <CylinderCard>
                          <CylinderCard>
                          <CylinderCard data={{id:"cyl-17", ...}} x={-363.7306695894641} y={110} z={-630.0000000000002} ...>
                            <motion.div style={{position:"...", ...}} className="cursor-poi...">
                              <div
                                className="cursor-pointer group z-20 pointer-events-auto"
                                style={{
+                                 position: "absolute"
-                                 position: "absolute"
+                                 left: "50%"
-                                 left: "50%"
+                                 top: "50%"
-                                 top: "50%"
+                                 opacity: 0.25
-                                 opacity: "0.25"
+                                 width: 120
-                                 width: "120px"
+                                 height: 170
-                                 height: "170px"
+                                 transformStyle: "preserve-3d"
+                                 transform: "translateX(-423.7306695894641px) translateY(25px) translateZ(-630.000000..."
-                                 transform: "translateX(-423.731px) translateY(25px) translateZ(-630px) scale(0.65) r..."
-                                 transform-style: "preserve-3d"
                                }}
                                ref={function useMotionRef.useCallback}
                              >
                          ...
                      ...
          ...
        ...
 
 GET / 200 in 126ms (next.js: 70ms, application-code: 56ms)
 GET / 200 in 28ms (next.js: 4ms, application-code: 24ms)
 GET / 200 in 250ms (next.js: 54ms, application-code: 195ms)
 GET / 200 in 165ms (next.js: 5ms, application-code: 160ms)
 GET / 200 in 123ms (next.js: 5ms, application-code: 119ms)
 GET / 200 in 123ms (next.js: 26ms, application-code: 98ms)
 GET / 200 in 124ms (next.js: 50ms, application-code: 73ms)
 GET / 200 in 42ms (next.js: 4ms, application-code: 37ms)
 GET / 200 in 248ms (next.js: 39ms, application-code: 209ms)
 GET / 200 in 177ms (next.js: 4ms, application-code: 172ms)
 GET / 200 in 149ms (next.js: 7ms, application-code: 142ms)
 GET / 200 in 149ms (next.js: 70ms, application-code: 78ms)
 GET / 200 in 150ms (next.js: 45ms, application-code: 105ms)
 GET / 200 in 53ms (next.js: 5ms, application-code: 48ms)
 GET / 200 in 259ms (next.js: 44ms, application-code: 215ms)
 GET / 200 in 187ms (next.js: 4ms, application-code: 183ms)
 GET / 200 in 158ms (next.js: 6ms, application-code: 152ms)
 GET / 200 in 158ms (next.js: 31ms, application-code: 127ms)
 GET / 200 in 158ms (next.js: 62ms, application-code: 96ms)
 GET / 200 in 64ms (next.js: 6ms, application-code: 58ms)
 GET / 200 in 281ms (next.js: 43ms, application-code: 238ms)
 GET / 200 in 196ms (next.js: 5ms, application-code: 191ms)
 GET / 200 in 142ms (next.js: 38ms, application-code: 104ms)
 GET / 200 in 143ms (next.js: 68ms, application-code: 75ms)
 GET / 200 in 144ms (next.js: 6ms, application-code: 138ms)
 GET / 200 in 143ms (next.js: 98ms, application-code: 45ms)
✓ Compiled in 58ms
 GET / 200 in 216ms (next.js: 47ms, application-code: 169ms)
 GET / 200 in 120ms (next.js: 5ms, application-code: 115ms)
 GET / 200 in 69ms (next.js: 6ms, application-code: 63ms)
 GET / 200 in 363ms (next.js: 4ms, application-code: 359ms)
 GET /portfolio/web-01.jpg 404 in 654ms (next.js: 614ms, application-code: 39ms)
⨯ The requested resource isn't a valid image for /portfolio/web-01.jpg received null
 GET /portfolio/web-02.jpg 404 in 113ms (next.js: 12ms, application-code: 100ms)
⨯ The requested resource isn't a valid image for /portfolio/web-02.jpg received null
 GET /portfolio/web-03.jpg 404 in 117ms (next.js: 44ms, application-code: 73ms)
⨯ The requested resource isn't a valid image for /portfolio/web-03.jpg received null
 GET /portfolio/web-gm.jpg 404 in 119ms (next.js: 67ms, application-code: 52ms)
⨯ The requested resource isn't a valid image for /portfolio/web-gm.jpg received null
 GET / 200 in 126ms (next.js: 5ms, application-code: 121ms)
 GET /portfolio/web-01.jpg 404 in 59ms (next.js: 11ms, application-code: 48ms)
⨯ The requested resource isn't a valid image for /portfolio/web-01.jpg received null
 GET /portfolio/web-02.jpg 404 in 114ms (next.js: 13ms, application-code: 101ms)
⨯ The requested resource isn't a valid image for /portfolio/web-02.jpg received null
 GET /portfolio/web-gm.jpg 404 in 119ms (next.js: 44ms, application-code: 75ms)
⨯ The requested resource isn't a valid image for /portfolio/web-gm.jpg received null
 GET /portfolio/web-03.jpg 404 in 121ms (next.js: 69ms, application-code: 52ms)
⨯ The requested resource isn't a valid image for /portfolio/web-03.jpg received null
 GET / 200 in 138ms (next.js: 8ms, application-code: 130ms)
 GET /portfolio/web-01.jpg 404 in 59ms (next.js: 11ms, application-code: 48ms)
⨯ The requested resource isn't a valid image for /portfolio/web-01.jpg received null
 GET / 200 in 96ms (next.js: 6ms, application-code: 90ms)
 GET /portfolio/web-01.jpg 404 in 68ms (next.js: 15ms, application-code: 53ms)
⨯ The requested resource isn't a valid image for /portfolio/web-01.jpg received null
 GET / 200 in 113ms (next.js: 5ms, application-code: 107ms)
 GET /portfolio/web-01.jpg 404 in 60ms (next.js: 11ms, application-code: 49ms)
⨯ The requested resource isn't a valid image for /portfolio/web-01.jpg received null
 GET / 200 in 169ms (next.js: 69ms, application-code: 100ms)
 GET / 200 in 52ms (next.js: 6ms, application-code: 46ms)
 GET / 200 in 181ms (next.js: 80ms, application-code: 102ms)
 GET / 200 in 42ms (next.js: 4ms, application-code: 38ms)
 GET / 200 in 183ms (next.js: 5ms, application-code: 179ms)
 GET / 200 in 93ms (next.js: 5ms, application-code: 88ms)
 GET / 200 in 203ms (next.js: 85ms, application-code: 118ms)
 GET / 200 in 57ms (next.js: 5ms, application-code: 52ms)
 GET / 200 in 148ms (next.js: 66ms, application-code: 83ms)
 GET / 200 in 38ms (next.js: 6ms, application-code: 33ms)
 GET / 200 in 167ms (next.js: 61ms, application-code: 106ms)
 GET / 200 in 61ms (next.js: 5ms, application-code: 56ms)
 GET / 200 in 197ms (next.js: 64ms, application-code: 133ms)
 GET / 200 in 74ms (next.js: 7ms, application-code: 67ms)
 GET / 200 in 276ms (next.js: 4ms, application-code: 272ms)
 GET / 200 in 119ms (next.js: 6ms, application-code: 113ms)
 GET / 200 in 88ms (next.js: 5ms, application-code: 82ms)
 GET / 200 in 93ms (next.js: 4ms, application-code: 89ms)
 GET / 200 in 104ms (next.js: 6ms, application-code: 98ms)
 GET / 200 in 212ms (next.js: 20ms, application-code: 192ms)
